<?xml version="1.0" encoding="utf-8"?><testsuites><testsuite name="pytest" errors="0" failures="0" skipped="0" tests="1" time="0.338" timestamp="2021-07-09T10:16:42.511733" hostname="jenkins"><testcase classname="frontend.tests.test_frontend.TestHome" name="test_home_get" time="0.029" /></testsuite></testsuites>